// Jest Snapshot v1, https://goo.gl/fbAQLP

exports[`should Add Expense render correctly 1`] = `
<div>
  <h5>
    Add New Expense
  </h5>
  <ExpenseFrom
    onSubmit={[Function]}
  />
</div>
`;
