// Jest Snapshot v1, https://goo.gl/fbAQLP

exports[`should edit expense render correctly 1`] = `
<div>
  <h5>
    Edit Expense
  </h5>
  <ExpenseFrom
    expense={
      Object {
        "amount": 310,
        "createAt": -345600000,
        "description": "Rent",
        "id": 1,
      }
    }
    onSubmit={[Function]}
  />
  <button
    onClick={[Function]}
  >
    delete
  </button>
</div>
`;
