// Jest Snapshot v1, https://goo.gl/fbAQLP

exports[`should render Not Found 1`] = `
<p>
  404! - 
  <Link
    replace={false}
    to="/"
  >
    Home
  </Link>
   
</p>
`;
